#
# There is insufficient memory for the Java Runtime Environment to continue.
# Native memory allocation (mmap) failed to map 840957952 bytes. Error detail: G1 virtual space
# Possible reasons:
#   The system is out of physical RAM or swap space
#   This process is running with CompressedOops enabled, and the Java Heap may be blocking the growth of the native heap
# Possible solutions:
#   Reduce memory load on the system
#   Increase physical memory or swap space
#   Check if swap backing store is full
#   Decrease Java heap size (-Xmx/-Xms)
#   Decrease number of Java threads
#   Decrease Java thread stack sizes (-Xss)
#   Set larger code cache with -XX:ReservedCodeCacheSize=
#   JVM is running with Zero Based Compressed Oops mode in which the Java heap is
#     placed in the first 32GB address space. The Java Heap base address is the
#     maximum limit for the native heap growth. Please use -XX:HeapBaseMinAddress
#     to set the Java Heap base and to place the Java Heap above 32GB virtual address.
# This output file may be truncated or incomplete.
#
#  Out of Memory Error (os_windows.cpp:3825), pid=36036, tid=29708
#
# JRE version: OpenJDK Runtime Environment JBR-17.0.12+1-1087.25-jcef (17.0.12+1) (build 17.0.12+1-b1087.25)
# Java VM: OpenJDK 64-Bit Server VM JBR-17.0.12+1-1087.25-jcef (17.0.12+1-b1087.25, mixed mode, tiered, compressed oops, compressed class ptrs, g1 gc, windows-amd64)
# No core dump will be written. Minidumps are not enabled by default on client versions of Windows
#

---------------  S U M M A R Y ------------

Command Line: C:\Users\zgf82\AppData\Local\OpenHarmony\Sdk\18\toolchains\lib\hap-sign-tool.jar sign-app -mode localSign -keystoreFile D:\code\screen\openharmony_sample\applications_app_samples_connect\code\Solutions\TV\TVConnect\signature\OpenHarmony.p12 -keystorePwd 123456 -keyAlias OpenHarmony Application Release -keyPwd 123456 -signAlg SHA256withECDSA -profileFile D:\code\screen\openharmony_sample\applications_app_samples_connect\code\Solutions\TV\TVConnect\signature\connect.p7b -appCertFile D:\code\screen\openharmony_sample\applications_app_samples_connect\code\Solutions\TV\TVConnect\signature\OpenHarmonyApplication.pem -inFile D:\code\screen\openharmony_sample\applications_app_samples_connect\code\Solutions\TV\TVConnect\product\tv\build\default\outputs\default\tv-default-unsigned.hap -outFile D:\code\screen\openharmony_sample\applications_app_samples_connect\code\Solutions\TV\TVConnect\product\tv\build\default\outputs\default\tv-default-signed.hap

Host: 11th Gen Intel(R) Core(TM) i5-1135G7 @ 2.40GHz, 8 cores, 15G,  Windows 11 , 64 bit Build 26100 (10.0.26100.8328)
Time: Fri May 22 15:41:49 2026  Windows 11 , 64 bit Build 26100 (10.0.26100.8328) elapsed time: 5.659166 seconds (0d 0h 0m 5s)

---------------  T H R E A D  ---------------

Current thread (0x000002276d4b0940):  VMThread "VM Thread" [stack: 0x0000007145500000,0x0000007145600000] [id=29708]

Stack: [0x0000007145500000,0x0000007145600000]
Native frames: (J=compiled Java code, j=interpreted, Vv=VM code, C=native code)
V  [jvm.dll+0x688dd9]
V  [jvm.dll+0x842eaa]
V  [jvm.dll+0x844aee]
V  [jvm.dll+0x845153]
V  [jvm.dll+0x24ba3f]
V  [jvm.dll+0x685ba9]
V  [jvm.dll+0x67a45a]
V  [jvm.dll+0x30c60b]
V  [jvm.dll+0x313ab6]
V  [jvm.dll+0x363c6e]
V  [jvm.dll+0x363e9f]
V  [jvm.dll+0x2e2658]
V  [jvm.dll+0x2e09bc]
V  [jvm.dll+0x2dff8c]
V  [jvm.dll+0x324ac1]
V  [jvm.dll+0x84984b]
V  [jvm.dll+0x84a582]
V  [jvm.dll+0x84aa9d]
V  [jvm.dll+0x84ae74]
V  [jvm.dll+0x84af40]
V  [jvm.dll+0x7f17da]
V  [jvm.dll+0x687c55]
C  [ucrtbase.dll+0x37b0]
C  [KERNEL32.DLL+0x2e957]
C  [ntdll.dll+0x427c]

VM_Operation (0x0000007144ffe5a0): G1TryInitiateConcMark, mode: safepoint, requested by thread 0x000002274cbec680


---------------  P R O C E S S  ---------------

Threads class SMR info:
_java_thread_list=0x0000022773891840, length=21, elements={
0x000002274cbec680, 0x000002276cda1490, 0x000002276cda1f60, 0x000002276d4d0e90,
0x000002276d4d1760, 0x000002276d4d2030, 0x000002276d4d2900, 0x000002276d4d3500,
0x000002276d4d3e10, 0x000002276d50d710, 0x000002276d6487a0, 0x000002276d649320,
0x00000227737ce7d0, 0x0000022772a3d920, 0x00000227731c1760, 0x00000227731c4550,
0x0000022772c52740, 0x00000227731beef0, 0x00000227731bf3d0, 0x00000227731bf8b0,
0x0000022772be2a40
}

Java Threads: ( => current thread )
  0x000002274cbec680 JavaThread "main" [_thread_blocked, id=26228, stack(0x0000007144f00000,0x0000007145000000)]
  0x000002276cda1490 JavaThread "Reference Handler" daemon [_thread_blocked, id=36596, stack(0x0000007145600000,0x0000007145700000)]
  0x000002276cda1f60 JavaThread "Finalizer" daemon [_thread_blocked, id=35180, stack(0x0000007145700000,0x0000007145800000)]
  0x000002276d4d0e90 JavaThread "Signal Dispatcher" daemon [_thread_blocked, id=27428, stack(0x0000007145800000,0x0000007145900000)]
  0x000002276d4d1760 JavaThread "Attach Listener" daemon [_thread_blocked, id=19644, stack(0x0000007145900000,0x0000007145a00000)]
  0x000002276d4d2030 JavaThread "Service Thread" daemon [_thread_blocked, id=23052, stack(0x0000007145a00000,0x0000007145b00000)]
  0x000002276d4d2900 JavaThread "Monitor Deflation Thread" daemon [_thread_blocked, id=5124, stack(0x0000007145b00000,0x0000007145c00000)]
  0x000002276d4d3500 JavaThread "C2 CompilerThread0" daemon [_thread_blocked, id=20792, stack(0x0000007145c00000,0x0000007145d00000)]
  0x000002276d4d3e10 JavaThread "C1 CompilerThread0" daemon [_thread_blocked, id=31388, stack(0x0000007145d00000,0x0000007145e00000)]
  0x000002276d50d710 JavaThread "Sweeper thread" daemon [_thread_blocked, id=35092, stack(0x0000007145e00000,0x0000007145f00000)]
  0x000002276d6487a0 JavaThread "Notification Thread" daemon [_thread_blocked, id=9988, stack(0x0000007145f00000,0x0000007146000000)]
  0x000002276d649320 JavaThread "Common-Cleaner" daemon [_thread_blocked, id=36524, stack(0x0000007146100000,0x0000007146200000)]
  0x00000227737ce7d0 JavaThread "C2 CompilerThread1" daemon [_thread_blocked, id=16668, stack(0x0000007146200000,0x0000007146300000)]
  0x0000022772a3d920 JavaThread "ForkJoinPool.commonPool-worker-1" daemon [_thread_blocked, id=30592, stack(0x0000007146a00000,0x0000007146b00000)]
  0x00000227731c1760 JavaThread "ForkJoinPool.commonPool-worker-2" daemon [_thread_blocked, id=8036, stack(0x0000007146c00000,0x0000007146d00000)]
  0x00000227731c4550 JavaThread "ForkJoinPool.commonPool-worker-3" daemon [_thread_blocked, id=36792, stack(0x0000007146d00000,0x0000007146e00000)]
  0x0000022772c52740 JavaThread "ForkJoinPool.commonPool-worker-4" daemon [_thread_blocked, id=35780, stack(0x0000007146e00000,0x0000007146f00000)]
  0x00000227731beef0 JavaThread "ForkJoinPool.commonPool-worker-5" daemon [_thread_blocked, id=21788, stack(0x0000007146f00000,0x0000007147000000)]
  0x00000227731bf3d0 JavaThread "ForkJoinPool.commonPool-worker-6" daemon [_thread_blocked, id=18188, stack(0x0000007147000000,0x0000007147100000)]
  0x00000227731bf8b0 JavaThread "ForkJoinPool.commonPool-worker-7" daemon [_thread_blocked, id=34300, stack(0x0000007147100000,0x0000007147200000)]
  0x0000022772be2a40 JavaThread "C2 CompilerThread2" daemon [_thread_blocked, id=35944, stack(0x0000007147600000,0x0000007147700000)]

Other Threads:
=>0x000002276d4b0940 VMThread "VM Thread" [stack: 0x0000007145500000,0x0000007145600000] [id=29708]
  0x000002276d648c80 WatcherThread [stack: 0x0000007146000000,0x0000007146100000] [id=34544]
  0x000002274cc59280 GCTaskThread "GC Thread#0" [stack: 0x0000007145000000,0x0000007145100000] [id=33032]
  0x0000022772532490 GCTaskThread "GC Thread#1" [stack: 0x0000007146300000,0x0000007146400000] [id=35292]
  0x0000022772532750 GCTaskThread "GC Thread#2" [stack: 0x0000007146400000,0x0000007146500000] [id=27448]
  0x0000022772532a10 GCTaskThread "GC Thread#3" [stack: 0x0000007146500000,0x0000007146600000] [id=36800]
  0x0000022772572050 GCTaskThread "GC Thread#4" [stack: 0x0000007146600000,0x0000007146700000] [id=33888]
  0x000002277264b020 GCTaskThread "GC Thread#5" [stack: 0x0000007146700000,0x0000007146800000] [id=11748]
  0x000002277262ef20 GCTaskThread "GC Thread#6" [stack: 0x0000007146800000,0x0000007146900000] [id=18788]
  0x0000022772661d50 GCTaskThread "GC Thread#7" [stack: 0x0000007146900000,0x0000007146a00000] [id=35628]
  0x000002274cc69c30 ConcurrentGCThread "G1 Main Marker" [stack: 0x0000007145100000,0x0000007145200000] [id=100]
  0x000002274cc6c240 ConcurrentGCThread "G1 Conc#0" [stack: 0x0000007145200000,0x0000007145300000] [id=36076]
  0x0000022772b80d10 ConcurrentGCThread "G1 Conc#1" [stack: 0x0000007146b00000,0x0000007146c00000] [id=35488]
  0x000002274cc9d070 ConcurrentGCThread "G1 Refine#0" [stack: 0x0000007145300000,0x0000007145400000] [id=35560]
  0x000002274cc9e860 ConcurrentGCThread "G1 Service" [stack: 0x0000007145400000,0x0000007145500000] [id=32376]

Threads with active compile tasks:
C2 CompilerThread0     5712 2443   !   4       java.security.Provider::getService (173 bytes)
C2 CompilerThread1     5712 2454       4       org.bouncycastle.asn1.ASN1InputStream::buildObject (268 bytes)
C2 CompilerThread2     5712 2391   !   4       org.bouncycastle.asn1.ASN1InputStream::readObject (252 bytes)

VM state: at safepoint (normal execution)

VM Mutex/Monitor currently owned by a thread:  ([mutex/lock_event])
[0x000002274cbe7670] Threads_lock - owner thread: 0x000002276d4b0940
[0x000002274cbe79d0] Heap_lock - owner thread: 0x000002274cbec680

Heap address: 0x0000000704a00000, size: 4022 MB, Compressed Oops mode: Zero based, Oop shift amount: 3

CDS archive(s) not mapped
Compressed class space mapped at: 0x0000000800000000-0x0000000840000000, reserved size: 1073741824
Narrow klass base: 0x0000000800000000, Narrow klass shift: 0, Narrow klass range: 0x40000000

GC Precious Log:
 CPUs: 8 total, 8 available
 Memory: 16082M
 Large Page Support: Disabled
 NUMA Support: Disabled
 Compressed Oops: Enabled (Zero based)
 Heap Region Size: 2M
 Heap Min Capacity: 8M
 Heap Initial Capacity: 252M
 Heap Max Capacity: 4022M
 Pre-touch: Disabled
 Parallel Workers: 8
 Concurrent Workers: 2
 Concurrent Refinement Workers: 8
 Periodic GC: Disabled

Heap:
 garbage-first heap   total 432128K, used 12812K [0x0000000704a00000, 0x0000000800000000)
  region size 2048K, 1 young (2048K), 1 survivors (2048K)
 Metaspace       used 23886K, committed 24064K, reserved 1114112K
  class space    used 2676K, committed 2752K, reserved 1048576K

Heap Regions: E=young(eden), S=young(survivor), O=old, HS=humongous(starts), HC=humongous(continues), CS=collection set, F=free, OA=open archive, CA=closed archive, TAMS=top-at-mark-start (previous, next)
|   0|0x0000000704a00000, 0x0000000704c00000, 0x0000000704c00000|100%| O|  |TAMS 0x0000000704b32000, 0x0000000704c00000| Untracked 
|   1|0x0000000704c00000, 0x0000000704e00000, 0x0000000704e00000|100%| O|  |TAMS 0x0000000704c00000, 0x0000000704e00000| Untracked 
|   2|0x0000000704e00000, 0x0000000705000000, 0x0000000705000000|100%| O|  |TAMS 0x0000000704e00000, 0x0000000705000000| Untracked 
|   3|0x0000000705000000, 0x0000000705000000, 0x0000000705200000|  0%| F|  |TAMS 0x0000000705000000, 0x0000000705000000| Untracked 
|   4|0x0000000705200000, 0x0000000705200000, 0x0000000705400000|  0%| F|  |TAMS 0x0000000705200000, 0x0000000705200000| Untracked 
|   5|0x0000000705400000, 0x0000000705400000, 0x0000000705600000|  0%| F|  |TAMS 0x0000000705400000, 0x0000000705400000| Untracked 
|   6|0x0000000705600000, 0x0000000705600000, 0x0000000705800000|  0%| F|  |TAMS 0x0000000705600000, 0x0000000705600000| Untracked 
|   7|0x0000000705800000, 0x0000000705800000, 0x0000000705a00000|  0%| F|  |TAMS 0x0000000705800000, 0x0000000705800000| Untracked 
|   8|0x0000000705a00000, 0x0000000705a00000, 0x0000000705c00000|  0%| F|  |TAMS 0x0000000705a00000, 0x0000000705a00000| Untracked 
|   9|0x0000000705c00000, 0x0000000705c00000, 0x0000000705e00000|  0%| F|  |TAMS 0x0000000705c00000, 0x0000000705c00000| Untracked 
|  10|0x0000000705e00000, 0x0000000705e00000, 0x0000000706000000|  0%| F|  |TAMS 0x0000000705e00000, 0x0000000705e00000| Untracked 
|  11|0x0000000706000000, 0x0000000706000000, 0x0000000706200000|  0%| F|  |TAMS 0x0000000706000000, 0x0000000706000000| Untracked 
|  12|0x0000000706200000, 0x0000000706200000, 0x0000000706400000|  0%| F|  |TAMS 0x0000000706200000, 0x0000000706200000| Untracked 
|  13|0x0000000706400000, 0x0000000706400000, 0x0000000706600000|  0%| F|  |TAMS 0x0000000706400000, 0x0000000706400000| Untracked 
|  14|0x0000000706600000, 0x0000000706600000, 0x0000000706800000|  0%| F|  |TAMS 0x0000000706600000, 0x0000000706600000| Untracked 
|  15|0x0000000706800000, 0x0000000706800000, 0x0000000706a00000|  0%| F|  |TAMS 0x0000000706800000, 0x0000000706800000| Untracked 
|  16|0x0000000706a00000, 0x0000000706c00000, 0x0000000706c00000|100%| O|  |TAMS 0x0000000706a00000, 0x0000000706c00000| Untracked 
|  17|0x0000000706c00000, 0x0000000706d7b200, 0x0000000706e00000| 74%| O|  |TAMS 0x0000000706c00000, 0x0000000706d7b200| Untracked 
|  18|0x0000000706e00000, 0x0000000706e00000, 0x0000000707000000|  0%| F|  |TAMS 0x0000000706e00000, 0x0000000706e00000| Untracked 
|  19|0x0000000707000000, 0x0000000707000000, 0x0000000707200000|  0%| F|  |TAMS 0x0000000707000000, 0x0000000707000000| Untracked 
|  20|0x0000000707200000, 0x0000000707200000, 0x0000000707400000|  0%| F|  |TAMS 0x0000000707200000, 0x0000000707200000| Untracked 
|  21|0x0000000707400000, 0x0000000707400000, 0x0000000707600000|  0%| F|  |TAMS 0x0000000707400000, 0x0000000707400000| Untracked 
|  22|0x0000000707600000, 0x0000000707600000, 0x0000000707800000|  0%| F|  |TAMS 0x0000000707600000, 0x0000000707600000| Untracked 
|  23|0x0000000707800000, 0x0000000707800000, 0x0000000707a00000|  0%| F|  |TAMS 0x0000000707800000, 0x0000000707800000| Untracked 
|  24|0x0000000707a00000, 0x0000000707a00000, 0x0000000707c00000|  0%| F|  |TAMS 0x0000000707a00000, 0x0000000707a00000| Untracked 
|  25|0x0000000707c00000, 0x0000000707c00000, 0x0000000707e00000|  0%| F|  |TAMS 0x0000000707c00000, 0x0000000707c00000| Untracked 
|  26|0x0000000707e00000, 0x0000000707e00000, 0x0000000708000000|  0%| F|  |TAMS 0x0000000707e00000, 0x0000000707e00000| Untracked 
|  27|0x0000000708000000, 0x0000000708000000, 0x0000000708200000|  0%| F|  |TAMS 0x0000000708000000, 0x0000000708000000| Untracked 
|  28|0x0000000708200000, 0x0000000708200000, 0x0000000708400000|  0%| F|  |TAMS 0x0000000708200000, 0x0000000708200000| Untracked 
|  29|0x0000000708400000, 0x0000000708400000, 0x0000000708600000|  0%| F|  |TAMS 0x0000000708400000, 0x0000000708400000| Untracked 
|  30|0x0000000708600000, 0x0000000708600000, 0x0000000708800000|  0%| F|  |TAMS 0x0000000708600000, 0x0000000708600000| Untracked 
|  31|0x0000000708800000, 0x0000000708800000, 0x0000000708a00000|  0%| F|  |TAMS 0x0000000708800000, 0x0000000708800000| Untracked 
|  32|0x0000000708a00000, 0x0000000708a00000, 0x0000000708c00000|  0%| F|  |TAMS 0x0000000708a00000, 0x0000000708a00000| Untracked 
|  33|0x0000000708c00000, 0x0000000708c00000, 0x0000000708e00000|  0%| F|  |TAMS 0x0000000708c00000, 0x0000000708c00000| Untracked 
|  34|0x0000000708e00000, 0x0000000708e00000, 0x0000000709000000|  0%| F|  |TAMS 0x0000000708e00000, 0x0000000708e00000| Untracked 
|  35|0x0000000709000000, 0x0000000709000000, 0x0000000709200000|  0%| F|  |TAMS 0x0000000709000000, 0x0000000709000000| Untracked 
|  36|0x0000000709200000, 0x0000000709200000, 0x0000000709400000|  0%| F|  |TAMS 0x0000000709200000, 0x0000000709200000| Untracked 
|  37|0x0000000709400000, 0x0000000709400000, 0x0000000709600000|  0%| F|  |TAMS 0x0000000709400000, 0x0000000709400000| Untracked 
|  38|0x0000000709600000, 0x0000000709600000, 0x0000000709800000|  0%| F|  |TAMS 0x0000000709600000, 0x0000000709600000| Untracked 
|  39|0x0000000709800000, 0x0000000709800000, 0x0000000709a00000|  0%| F|  |TAMS 0x0000000709800000, 0x0000000709800000| Untracked 
|  40|0x0000000709a00000, 0x0000000709a00000, 0x0000000709c00000|  0%| F|  |TAMS 0x0000000709a00000, 0x0000000709a00000| Untracked 
|  41|0x0000000709c00000, 0x0000000709c00000, 0x0000000709e00000|  0%| F|  |TAMS 0x0000000709c00000, 0x0000000709c00000| Untracked 
|  42|0x0000000709e00000, 0x0000000709e00000, 0x000000070a000000|  0%| F|  |TAMS 0x0000000709e00000, 0x0000000709e00000| Untracked 
|  43|0x000000070a000000, 0x000000070a000000, 0x000000070a200000|  0%| F|  |TAMS 0x000000070a000000, 0x000000070a000000| Untracked 
|  44|0x000000070a200000, 0x000000070a200000, 0x000000070a400000|  0%| F|  |TAMS 0x000000070a200000, 0x000000070a200000| Untracked 
|  45|0x000000070a400000, 0x000000070a400000, 0x000000070a600000|  0%| F|  |TAMS 0x000000070a400000, 0x000000070a400000| Untracked 
|  46|0x000000070a600000, 0x000000070a600000, 0x000000070a800000|  0%| F|  |TAMS 0x000000070a600000, 0x000000070a600000| Untracked 
|  47|0x000000070a800000, 0x000000070a800000, 0x000000070aa00000|  0%| F|  |TAMS 0x000000070a800000, 0x000000070a800000| Untracked 
|  48|0x000000070aa00000, 0x000000070aa00000, 0x000000070ac00000|  0%| F|  |TAMS 0x000000070aa00000, 0x000000070aa00000| Untracked 
|  49|0x000000070ac00000, 0x000000070ac00000, 0x000000070ae00000|  0%| F|  |TAMS 0x000000070ac00000, 0x000000070ac00000| Untracked 
|  50|0x000000070ae00000, 0x000000070ae00000, 0x000000070b000000|  0%| F|  |TAMS 0x000000070ae00000, 0x000000070ae00000| Untracked 
|  51|0x000000070b000000, 0x000000070b000000, 0x000000070b200000|  0%| F|  |TAMS 0x000000070b000000, 0x000000070b000000| Untracked 
|  52|0x000000070b200000, 0x000000070b200000, 0x000000070b400000|  0%| F|  |TAMS 0x000000070b200000, 0x000000070b200000| Untracked 
|  53|0x000000070b400000, 0x000000070b400000, 0x000000070b600000|  0%| F|  |TAMS 0x000000070b400000, 0x000000070b400000| Untracked 
|  54|0x000000070b600000, 0x000000070b600000, 0x000000070b800000|  0%| F|  |TAMS 0x000000070b600000, 0x000000070b600000| Untracked 
|  55|0x000000070b800000, 0x000000070b800000, 0x000000070ba00000|  0%| F|  |TAMS 0x000000070b800000, 0x000000070b800000| Untracked 
|  56|0x000000070ba00000, 0x000000070ba00000, 0x000000070bc00000|  0%| F|  |TAMS 0x000000070ba00000, 0x000000070ba00000| Untracked 
|  57|0x000000070bc00000, 0x000000070bc00000, 0x000000070be00000|  0%| F|  |TAMS 0x000000070bc00000, 0x000000070bc00000| Untracked 
|  58|0x000000070be00000, 0x000000070be00000, 0x000000070c000000|  0%| F|  |TAMS 0x000000070be00000, 0x000000070be00000| Untracked 
|  59|0x000000070c000000, 0x000000070c000000, 0x000000070c200000|  0%| F|  |TAMS 0x000000070c000000, 0x000000070c000000| Untracked 
|  60|0x000000070c200000, 0x000000070c200000, 0x000000070c400000|  0%| F|  |TAMS 0x000000070c200000, 0x000000070c200000| Untracked 
|  61|0x000000070c400000, 0x000000070c400000, 0x000000070c600000|  0%| F|  |TAMS 0x000000070c400000, 0x000000070c400000| Untracked 
|  62|0x000000070c600000, 0x000000070c600000, 0x000000070c800000|  0%| F|  |TAMS 0x000000070c600000, 0x000000070c600000| Untracked 
|  63|0x000000070c800000, 0x000000070c800000, 0x000000070ca00000|  0%| F|  |TAMS 0x000000070c800000, 0x000000070c800000| Untracked 
|  64|0x000000070ca00000, 0x000000070ca00000, 0x000000070cc00000|  0%| F|  |TAMS 0x000000070ca00000, 0x000000070ca00000| Untracked 
|  65|0x000000070cc00000, 0x000000070cc00000, 0x000000070ce00000|  0%| F|  |TAMS 0x000000070cc00000, 0x000000070cc00000| Untracked 
|  66|0x000000070ce00000, 0x000000070ce00000, 0x000000070d000000|  0%| F|  |TAMS 0x000000070ce00000, 0x000000070ce00000| Untracked 
|  67|0x000000070d000000, 0x000000070d000000, 0x000000070d200000|  0%| F|  |TAMS 0x000000070d000000, 0x000000070d000000| Untracked 
|  68|0x000000070d200000, 0x000000070d200000, 0x000000070d400000|  0%| F|  |TAMS 0x000000070d200000, 0x000000070d200000| Untracked 
|  69|0x000000070d400000, 0x000000070d400000, 0x000000070d600000|  0%| F|  |TAMS 0x000000070d400000, 0x000000070d400000| Untracked 
|  70|0x000000070d600000, 0x000000070d600000, 0x000000070d800000|  0%| F|  |TAMS 0x000000070d600000, 0x000000070d600000| Untracked 
|  71|0x000000070d800000, 0x000000070d800000, 0x000000070da00000|  0%| F|  |TAMS 0x000000070d800000, 0x000000070d800000| Untracked 
|  72|0x000000070da00000, 0x000000070da00000, 0x000000070dc00000|  0%| F|  |TAMS 0x000000070da00000, 0x000000070da00000| Untracked 
|  73|0x000000070dc00000, 0x000000070dc00000, 0x000000070de00000|  0%| F|  |TAMS 0x000000070dc00000, 0x000000070dc00000| Untracked 
|  74|0x000000070de00000, 0x000000070de00000, 0x000000070e000000|  0%| F|  |TAMS 0x000000070de00000, 0x000000070de00000| Untracked 
|  75|0x000000070e000000, 0x000000070e000000, 0x000000070e200000|  0%| F|  |TAMS 0x000000070e000000, 0x000000070e000000| Untracked 
|  76|0x000000070e200000, 0x000000070e200000, 0x000000070e400000|  0%| F|  |TAMS 0x000000070e200000, 0x000000070e200000| Untracked 
|  77|0x000000070e400000, 0x000000070e400000, 0x000000070e600000|  0%| F|  |TAMS 0x000000070e400000, 0x000000070e400000| Untracked 
|  78|0x000000070e600000, 0x000000070e600000, 0x000000070e800000|  0%| F|  |TAMS 0x000000070e600000, 0x000000070e600000| Untracked 
|  79|0x000000070e800000, 0x000000070ea00000, 0x000000070ea00000|100%|HS|  |TAMS 0x000000070e800000, 0x000000070ea00000| Complete 
|  80|0x000000070ea00000, 0x000000070ea00000, 0x000000070ec00000|  0%| F|  |TAMS 0x000000070ea00000, 0x000000070ea00000| Untracked 
|  81|0x000000070ec00000, 0x000000070ec00000, 0x000000070ee00000|  0%| F|  |TAMS 0x000000070ec00000, 0x000000070ec00000| Untracked 
|  82|0x000000070ee00000, 0x000000070ee00000, 0x000000070f000000|  0%| F|  |TAMS 0x000000070ee00000, 0x000000070ee00000| Untracked 
|  83|0x000000070f000000, 0x000000070f000000, 0x000000070f200000|  0%| F|  |TAMS 0x000000070f000000, 0x000000070f000000| Untracked 
|  84|0x000000070f200000, 0x000000070f200000, 0x000000070f400000|  0%| F|  |TAMS 0x000000070f200000, 0x000000070f200000| Untracked 
|  85|0x000000070f400000, 0x000000070f400000, 0x000000070f600000|  0%| F|  |TAMS 0x000000070f400000, 0x000000070f400000| Untracked 
|  86|0x000000070f600000, 0x000000070f600000, 0x000000070f800000|  0%| F|  |TAMS 0x000000070f600000, 0x000000070f600000| Untracked 
|  87|0x000000070f800000, 0x000000070f800000, 0x000000070fa00000|  0%| F|  |TAMS 0x000000070f800000, 0x000000070f800000| Untracked 
|  88|0x000000070fa00000, 0x000000070fa00000, 0x000000070fc00000|  0%| F|  |TAMS 0x000000070fa00000, 0x000000070fa00000| Untracked 
|  89|0x000000070fc00000, 0x000000070fc00000, 0x000000070fe00000|  0%| F|  |TAMS 0x000000070fc00000, 0x000000070fc00000| Untracked 
|  90|0x000000070fe00000, 0x000000070fe00000, 0x0000000710000000|  0%| F|  |TAMS 0x000000070fe00000, 0x000000070fe00000| Untracked 
|  91|0x0000000710000000, 0x0000000710000000, 0x0000000710200000|  0%| F|  |TAMS 0x0000000710000000, 0x0000000710000000| Untracked 
|  92|0x0000000710200000, 0x0000000710200000, 0x0000000710400000|  0%| F|  |TAMS 0x0000000710200000, 0x0000000710200000| Untracked 
|  93|0x0000000710400000, 0x0000000710400000, 0x0000000710600000|  0%| F|  |TAMS 0x0000000710400000, 0x0000000710400000| Untracked 
|  94|0x0000000710600000, 0x0000000710600000, 0x0000000710800000|  0%| F|  |TAMS 0x0000000710600000, 0x0000000710600000| Untracked 
|  95|0x0000000710800000, 0x0000000710800000, 0x0000000710a00000|  0%| F|  |TAMS 0x0000000710800000, 0x0000000710800000| Untracked 
|  96|0x0000000710a00000, 0x0000000710a00000, 0x0000000710c00000|  0%| F|  |TAMS 0x0000000710a00000, 0x0000000710a00000| Untracked 
|  97|0x0000000710c00000, 0x0000000710c00000, 0x0000000710e00000|  0%| F|  |TAMS 0x0000000710c00000, 0x0000000710c00000| Untracked 
|  98|0x0000000710e00000, 0x0000000710e00000, 0x0000000711000000|  0%| F|  |TAMS 0x0000000710e00000, 0x0000000710e00000| Untracked 
|  99|0x0000000711000000, 0x0000000711000000, 0x0000000711200000|  0%| F|  |TAMS 0x0000000711000000, 0x0000000711000000| Untracked 
| 100|0x0000000711200000, 0x0000000711200000, 0x0000000711400000|  0%| F|  |TAMS 0x0000000711200000, 0x0000000711200000| Untracked 
| 101|0x0000000711400000, 0x0000000711400000, 0x0000000711600000|  0%| F|  |TAMS 0x0000000711400000, 0x0000000711400000| Untracked 
| 102|0x0000000711600000, 0x0000000711600000, 0x0000000711800000|  0%| F|  |TAMS 0x0000000711600000, 0x0000000711600000| Untracked 
| 103|0x0000000711800000, 0x0000000711800000, 0x0000000711a00000|  0%| F|  |TAMS 0x0000000711800000, 0x0000000711800000| Untracked 
| 104|0x0000000711a00000, 0x0000000711a00000, 0x0000000711c00000|  0%| F|  |TAMS 0x0000000711a00000, 0x0000000711a00000| Untracked 
| 105|0x0000000711c00000, 0x0000000711c00000, 0x0000000711e00000|  0%| F|  |TAMS 0x0000000711c00000, 0x0000000711c00000| Untracked 
| 106|0x0000000711e00000, 0x0000000711e00000, 0x0000000712000000|  0%| F|  |TAMS 0x0000000711e00000, 0x0000000711e00000| Untracked 
| 107|0x0000000712000000, 0x0000000712000000, 0x0000000712200000|  0%| F|  |TAMS 0x0000000712000000, 0x0000000712000000| Untracked 
| 108|0x0000000712200000, 0x0000000712200000, 0x0000000712400000|  0%| F|  |TAMS 0x0000000712200000, 0x0000000712200000| Untracked 
| 109|0x0000000712400000, 0x0000000712400000, 0x0000000712600000|  0%| F|  |TAMS 0x0000000712400000, 0x0000000712400000| Untracked 
| 110|0x0000000712600000, 0x0000000712600000, 0x0000000712800000|  0%| F|  |TAMS 0x0000000712600000, 0x0000000712600000| Untracked 
| 111|0x0000000712800000, 0x0000000712800000, 0x0000000712a00000|  0%| F|  |TAMS 0x0000000712800000, 0x0000000712800000| Untracked 
| 112|0x0000000712a00000, 0x0000000712a00000, 0x0000000712c00000|  0%| F|  |TAMS 0x0000000712a00000, 0x0000000712a00000| Untracked 
| 113|0x0000000712c00000, 0x0000000712c00000, 0x0000000712e00000|  0%| F|  |TAMS 0x0000000712c00000, 0x0000000712c00000| Untracked 
| 114|0x0000000712e00000, 0x0000000712e00000, 0x0000000713000000|  0%| F|  |TAMS 0x0000000712e00000, 0x0000000712e00000| Untracked 
| 115|0x0000000713000000, 0x0000000713000000, 0x0000000713200000|  0%| F|  |TAMS 0x0000000713000000, 0x0000000713000000| Untracked 
| 116|0x0000000713200000, 0x0000000713200000, 0x0000000713400000|  0%| F|  |TAMS 0x0000000713200000, 0x0000000713200000| Untracked 
| 117|0x0000000713400000, 0x0000000713400000, 0x0000000713600000|  0%| F|  |TAMS 0x0000000713400000, 0x0000000713400000| Untracked 
| 118|0x0000000713600000, 0x0000000713600000, 0x0000000713800000|  0%| F|  |TAMS 0x0000000713600000, 0x0000000713600000| Untracked 
| 119|0x0000000713800000, 0x0000000713800000, 0x0000000713a00000|  0%| F|  |TAMS 0x0000000713800000, 0x0000000713800000| Untracked 
| 120|0x0000000713a00000, 0x0000000713a00000, 0x0000000713c00000|  0%| F|  |TAMS 0x0000000713a00000, 0x0000000713a00000| Untracked 
| 121|0x0000000713c00000, 0x0000000713c00000, 0x0000000713e00000|  0%| F|  |TAMS 0x0000000713c00000, 0x0000000713c00000| Untracked 
| 122|0x0000000713e00000, 0x0000000713e00000, 0x0000000714000000|  0%| F|  |TAMS 0x0000000713e00000, 0x0000000713e00000| Untracked 
| 123|0x0000000714000000, 0x0000000714000000, 0x0000000714200000|  0%| F|  |TAMS 0x0000000714000000, 0x0000000714000000| Untracked 
| 124|0x0000000714200000, 0x0000000714200000, 0x0000000714400000|  0%| F|  |TAMS 0x0000000714200000, 0x0000000714200000| Untracked 
| 125|0x0000000714400000, 0x0000000714400000, 0x0000000714600000|  0%| F|  |TAMS 0x0000000714400000, 0x0000000714400000| Untracked 
| 126|0x0000000714600000, 0x0000000714600000, 0x0000000714800000|  0%| F|  |TAMS 0x0000000714600000, 0x0000000714600000| Untracked 
| 127|0x0000000714800000, 0x0000000714800000, 0x0000000714a00000|  0%| F|  |TAMS 0x0000000714800000, 0x0000000714800000| Untracked 
| 128|0x0000000714a00000, 0x0000000714a00000, 0x0000000714c00000|  0%| F|  |TAMS 0x0000000714a00000, 0x0000000714a00000| Untracked 
| 129|0x0000000714c00000, 0x0000000714c00000, 0x0000000714e00000|  0%| F|  |TAMS 0x0000000714c00000, 0x0000000714c00000| Untracked 
| 130|0x0000000714e00000, 0x0000000714e00000, 0x0000000715000000|  0%| F|  |TAMS 0x0000000714e00000, 0x0000000714e00000| Untracked 
| 131|0x0000000715000000, 0x0000000715000000, 0x0000000715200000|  0%| F|  |TAMS 0x0000000715000000, 0x0000000715000000| Untracked 
| 132|0x0000000715200000, 0x0000000715200000, 0x0000000715400000|  0%| F|  |TAMS 0x0000000715200000, 0x0000000715200000| Untracked 
| 133|0x0000000715400000, 0x0000000715400000, 0x0000000715600000|  0%| F|  |TAMS 0x0000000715400000, 0x0000000715400000| Untracked 
| 134|0x0000000715600000, 0x0000000715600000, 0x0000000715800000|  0%| F|  |TAMS 0x0000000715600000, 0x0000000715600000| Untracked 
| 135|0x0000000715800000, 0x0000000715800000, 0x0000000715a00000|  0%| F|  |TAMS 0x0000000715800000, 0x0000000715800000| Untracked 
| 136|0x0000000715a00000, 0x0000000715a00000, 0x0000000715c00000|  0%| F|  |TAMS 0x0000000715a00000, 0x0000000715a00000| Untracked 
| 137|0x0000000715c00000, 0x0000000715c00000, 0x0000000715e00000|  0%| F|  |TAMS 0x0000000715c00000, 0x0000000715c00000| Untracked 
| 138|0x0000000715e00000, 0x0000000715e00000, 0x0000000716000000|  0%| F|  |TAMS 0x0000000715e00000, 0x0000000715e00000| Untracked 
| 139|0x0000000716000000, 0x0000000716000000, 0x0000000716200000|  0%| F|  |TAMS 0x0000000716000000, 0x0000000716000000| Untracked 
| 140|0x0000000716200000, 0x0000000716200000, 0x0000000716400000|  0%| F|  |TAMS 0x0000000716200000, 0x0000000716200000| Untracked 
| 141|0x0000000716400000, 0x0000000716400000, 0x0000000716600000|  0%| F|  |TAMS 0x0000000716400000, 0x0000000716400000| Untracked 
| 142|0x0000000716600000, 0x0000000716600000, 0x0000000716800000|  0%| F|  |TAMS 0x0000000716600000, 0x0000000716600000| Untracked 
| 143|0x0000000716800000, 0x0000000716800000, 0x0000000716a00000|  0%| F|  |TAMS 0x0000000716800000, 0x0000000716800000| Untracked 
| 144|0x0000000716a00000, 0x0000000716a00000, 0x0000000716c00000|  0%| F|  |TAMS 0x0000000716a00000, 0x0000000716a00000| Untracked 
| 145|0x0000000716c00000, 0x0000000716c00000, 0x0000000716e00000|  0%| F|  |TAMS 0x0000000716c00000, 0x0000000716c00000| Untracked 
| 146|0x0000000716e00000, 0x0000000716e00000, 0x0000000717000000|  0%| F|  |TAMS 0x0000000716e00000, 0x0000000716e00000| Untracked 
| 147|0x0000000717000000, 0x0000000717000000, 0x0000000717200000|  0%| F|  |TAMS 0x0000000717000000, 0x0000000717000000| Untracked 
| 148|0x0000000717200000, 0x0000000717200000, 0x0000000717400000|  0%| F|  |TAMS 0x0000000717200000, 0x0000000717200000| Untracked 
| 149|0x0000000717400000, 0x0000000717400000, 0x0000000717600000|  0%| F|  |TAMS 0x0000000717400000, 0x0000000717400000| Untracked 
| 150|0x0000000717600000, 0x0000000717600000, 0x0000000717800000|  0%| F|  |TAMS 0x0000000717600000, 0x0000000717600000| Untracked 
| 151|0x0000000717800000, 0x0000000717800000, 0x0000000717a00000|  0%| F|  |TAMS 0x0000000717800000, 0x0000000717800000| Untracked 
| 152|0x0000000717a00000, 0x0000000717a00000, 0x0000000717c00000|  0%| F|  |TAMS 0x0000000717a00000, 0x0000000717a00000| Untracked 
| 153|0x0000000717c00000, 0x0000000717c00000, 0x0000000717e00000|  0%| F|  |TAMS 0x0000000717c00000, 0x0000000717c00000| Untracked 
| 154|0x0000000717e00000, 0x0000000717e00000, 0x0000000718000000|  0%| F|  |TAMS 0x0000000717e00000, 0x0000000717e00000| Untracked 
| 155|0x0000000718000000, 0x0000000718000000, 0x0000000718200000|  0%| F|  |TAMS 0x0000000718000000, 0x0000000718000000| Untracked 
| 156|0x0000000718200000, 0x0000000718200000, 0x0000000718400000|  0%| F|  |TAMS 0x0000000718200000, 0x0000000718200000| Untracked 
| 157|0x0000000718400000, 0x0000000718400000, 0x0000000718600000|  0%| F|  |TAMS 0x0000000718400000, 0x0000000718400000| Untracked 
| 158|0x0000000718600000, 0x0000000718600000, 0x0000000718800000|  0%| F|  |TAMS 0x0000000718600000, 0x0000000718600000| Untracked 
| 159|0x0000000718800000, 0x0000000718800000, 0x0000000718a00000|  0%| F|  |TAMS 0x0000000718800000, 0x0000000718800000| Untracked 
| 160|0x0000000718a00000, 0x0000000718a00000, 0x0000000718c00000|  0%| F|  |TAMS 0x0000000718a00000, 0x0000000718a00000| Untracked 
| 161|0x0000000718c00000, 0x0000000718c00000, 0x0000000718e00000|  0%| F|  |TAMS 0x0000000718c00000, 0x0000000718c00000| Untracked 
| 162|0x0000000718e00000, 0x0000000718e00000, 0x0000000719000000|  0%| F|  |TAMS 0x0000000718e00000, 0x0000000718e00000| Untracked 
| 163|0x0000000719000000, 0x0000000719000000, 0x0000000719200000|  0%| F|  |TAMS 0x0000000719000000, 0x0000000719000000| Untracked 
| 164|0x0000000719200000, 0x0000000719200000, 0x0000000719400000|  0%| F|  |TAMS 0x0000000719200000, 0x0000000719200000| Untracked 
| 165|0x0000000719400000, 0x0000000719400000, 0x0000000719600000|  0%| F|  |TAMS 0x0000000719400000, 0x0000000719400000| Untracked 
| 166|0x0000000719600000, 0x0000000719600000, 0x0000000719800000|  0%| F|  |TAMS 0x0000000719600000, 0x0000000719600000| Untracked 
| 167|0x0000000719800000, 0x0000000719908080, 0x0000000719a00000| 51%| S|CS|TAMS 0x0000000719800000, 0x0000000719800000| Complete 
| 168|0x0000000719a00000, 0x0000000719a00000, 0x0000000719c00000|  0%| F|  |TAMS 0x0000000719a00000, 0x0000000719a00000| Untracked 
| 169|0x0000000719c00000, 0x0000000719c00000, 0x0000000719e00000|  0%| F|  |TAMS 0x0000000719c00000, 0x0000000719c00000| Untracked 
| 170|0x0000000719e00000, 0x0000000719e00000, 0x000000071a000000|  0%| F|  |TAMS 0x0000000719e00000, 0x0000000719e00000| Untracked 
| 171|0x000000071a000000, 0x000000071a000000, 0x000000071a200000|  0%| F|  |TAMS 0x000000071a000000, 0x000000071a000000| Untracked 
| 172|0x000000071a200000, 0x000000071a200000, 0x000000071a400000|  0%| F|  |TAMS 0x000000071a200000, 0x000000071a200000| Untracked 
| 173|0x000000071a400000, 0x000000071a400000, 0x000000071a600000|  0%| F|  |TAMS 0x000000071a400000, 0x000000071a400000| Untracked 
| 174|0x000000071a600000, 0x000000071a600000, 0x000000071a800000|  0%| F|  |TAMS 0x000000071a600000, 0x000000071a600000| Untracked 
| 175|0x000000071a800000, 0x000000071a800000, 0x000000071aa00000|  0%| F|  |TAMS 0x000000071a800000, 0x000000071a800000| Untracked 
| 176|0x000000071aa00000, 0x000000071aa00000, 0x000000071ac00000|  0%| F|  |TAMS 0x000000071aa00000, 0x000000071aa00000| Untracked 
| 177|0x000000071ac00000, 0x000000071ac00000, 0x000000071ae00000|  0%| F|  |TAMS 0x000000071ac00000, 0x000000071ac00000| Untracked 
| 178|0x000000071ae00000, 0x000000071ae00000, 0x000000071b000000|  0%| F|  |TAMS 0x000000071ae00000, 0x000000071ae00000| Untracked 
| 179|0x000000071b000000, 0x000000071b000000, 0x000000071b200000|  0%| F|  |TAMS 0x000000071b000000, 0x000000071b000000| Untracked 
| 180|0x000000071b200000, 0x000000071b200000, 0x000000071b400000|  0%| F|  |TAMS 0x000000071b200000, 0x000000071b200000| Untracked 
| 181|0x000000071b400000, 0x000000071b400000, 0x000000071b600000|  0%| F|  |TAMS 0x000000071b400000, 0x000000071b400000| Untracked 
| 182|0x000000071b600000, 0x000000071b600000, 0x000000071b800000|  0%| F|  |TAMS 0x000000071b600000, 0x000000071b600000| Untracked 
| 183|0x000000071b800000, 0x000000071b800000, 0x000000071ba00000|  0%| F|  |TAMS 0x000000071b800000, 0x000000071b800000| Untracked 
| 184|0x000000071ba00000, 0x000000071ba00000, 0x000000071bc00000|  0%| F|  |TAMS 0x000000071ba00000, 0x000000071ba00000| Untracked 
| 185|0x000000071bc00000, 0x000000071bc00000, 0x000000071be00000|  0%| F|  |TAMS 0x000000071bc00000, 0x000000071bc00000| Untracked 
| 186|0x000000071be00000, 0x000000071be00000, 0x000000071c000000|  0%| F|  |TAMS 0x000000071be00000, 0x000000071be00000| Untracked 
| 187|0x000000071c000000, 0x000000071c000000, 0x000000071c200000|  0%| F|  |TAMS 0x000000071c000000, 0x000000071c000000| Untracked 
| 188|0x000000071c200000, 0x000000071c200000, 0x000000071c400000|  0%| F|  |TAMS 0x000000071c200000, 0x000000071c200000| Untracked 
| 189|0x000000071c400000, 0x000000071c400000, 0x000000071c600000|  0%| F|  |TAMS 0x000000071c400000, 0x000000071c400000| Untracked 
| 190|0x000000071c600000, 0x000000071c600000, 0x000000071c800000|  0%| F|  |TAMS 0x000000071c600000, 0x000000071c600000| Untracked 
| 191|0x000000071c800000, 0x000000071c800000, 0x000000071ca00000|  0%| F|  |TAMS 0x000000071c800000, 0x000000071c800000| Untracked 
| 192|0x000000071ca00000, 0x000000071ca00000, 0x000000071cc00000|  0%| F|  |TAMS 0x000000071ca00000, 0x000000071ca00000| Untracked 
| 193|0x000000071cc00000, 0x000000071cc00000, 0x000000071ce00000|  0%| F|  |TAMS 0x000000071cc00000, 0x000000071cc00000| Untracked 
| 194|0x000000071ce00000, 0x000000071ce00000, 0x000000071d000000|  0%| F|  |TAMS 0x000000071ce00000, 0x000000071ce00000| Untracked 
| 195|0x000000071d000000, 0x000000071d000000, 0x000000071d200000|  0%| F|  |TAMS 0x000000071d000000, 0x000000071d000000| Untracked 
| 196|0x000000071d200000, 0x000000071d200000, 0x000000071d400000|  0%| F|  |TAMS 0x000000071d200000, 0x000000071d200000| Untracked 
| 197|0x000000071d400000, 0x000000071d400000, 0x000000071d600000|  0%| F|  |TAMS 0x000000071d400000, 0x000000071d400000| Untracked 
| 198|0x000000071d600000, 0x000000071d600000, 0x000000071d800000|  0%| F|  |TAMS 0x000000071d600000, 0x000000071d600000| Untracked 
| 199|0x000000071d800000, 0x000000071d800000, 0x000000071da00000|  0%| F|  |TAMS 0x000000071d800000, 0x000000071d800000| Untracked 
| 200|0x000000071da00000, 0x000000071da00000, 0x000000071dc00000|  0%| F|  |TAMS 0x000000071da00000, 0x000000071da00000| Untracked 
| 201|0x000000071dc00000, 0x000000071dc00000, 0x000000071de00000|  0%| F|  |TAMS 0x000000071dc00000, 0x000000071dc00000| Untracked 
| 202|0x000000071de00000, 0x000000071de00000, 0x000000071e000000|  0%| F|  |TAMS 0x000000071de00000, 0x000000071de00000| Untracked 
| 203|0x000000071e000000, 0x000000071e000000, 0x000000071e200000|  0%| F|  |TAMS 0x000000071e000000, 0x000000071e000000| Untracked 
| 204|0x000000071e200000, 0x000000071e200000, 0x000000071e400000|  0%| F|  |TAMS 0x000000071e200000, 0x000000071e200000| Untracked 
| 205|0x000000071e400000, 0x000000071e400000, 0x000000071e600000|  0%| F|  |TAMS 0x000000071e400000, 0x000000071e400000| Untracked 
| 206|0x000000071e600000, 0x000000071e600000, 0x000000071e800000|  0%| F|  |TAMS 0x000000071e600000, 0x000000071e600000| Untracked 
| 207|0x000000071e800000, 0x000000071e800000, 0x000000071ea00000|  0%| F|  |TAMS 0x000000071e800000, 0x000000071e800000| Untracked 
| 208|0x000000071ea00000, 0x000000071ea00000, 0x000000071ec00000|  0%| F|  |TAMS 0x000000071ea00000, 0x000000071ea00000| Untracked 
| 209|0x000000071ec00000, 0x000000071ec00000, 0x000000071ee00000|  0%| F|  |TAMS 0x000000071ec00000, 0x000000071ec00000| Untracked 
| 210|0x000000071ee00000, 0x000000071ee00000, 0x000000071f000000|  0%| F|  |TAMS 0x000000071ee00000, 0x000000071ee00000| Untracked 

Card table byte_map: [0x0000022761b80000,0x0000022762360000] _byte_map_base: 0x000002275e35b000

Marking Bits (Prev, Next): (CMBitMap*) 0x000002274cc597f0, (CMBitMap*) 0x000002274cc597b0
 Prev Bits: [0x0000022766a20000, 0x000002276a8f8000)
 Next Bits: [0x0000022762b40000, 0x0000022766a18000)

Polling page: 0x000002274c930000

Metaspace:

Usage:
  Non-class:     20.71 MB used.
      Class:      2.61 MB used.
       Both:     23.33 MB used.

Virtual space:
  Non-class space:       64.00 MB reserved,      20.81 MB ( 33%) committed,  1 nodes.
      Class space:        1.00 GB reserved,       2.69 MB ( <1%) committed,  1 nodes.
             Both:        1.06 GB reserved,      23.50 MB (  2%) committed. 

Chunk freelists:
   Non-Class:  10.78 MB
       Class:  13.33 MB
        Both:  24.11 MB

MaxMetaspaceSize: unlimited
CompressedClassSpaceSize: 1.00 GB
Initial GC threshold: 21.00 MB
Current GC threshold: 35.12 MB
CDS: off
MetaspaceReclaimPolicy: balanced
 - commit_granule_bytes: 65536.
 - commit_granule_words: 8192.
 - virtual_space_node_default_size: 8388608.
 - enlarge_chunks_in_place: 1.
 - new_chunks_are_fully_committed: 0.
 - uncommit_free_chunks: 1.
 - use_allocation_guard: 0.
 - handle_deallocations: 1.


Internal statistics:

num_allocs_failed_limit: 3.
num_arena_births: 182.
num_arena_deaths: 0.
num_vsnodes_births: 2.
num_vsnodes_deaths: 0.
num_space_committed: 376.
num_space_uncommitted: 0.
num_chunks_returned_to_freelist: 3.
num_chunks_taken_from_freelist: 531.
num_chunk_merges: 3.
num_chunk_splits: 376.
num_chunks_enlarged: 288.
num_inconsistent_stats: 0.

CodeHeap 'non-profiled nmethods': size=120000Kb used=1164Kb max_used=1164Kb free=118835Kb
 bounds [0x0000022759400000, 0x0000022759670000, 0x0000022760930000]
CodeHeap 'profiled nmethods': size=120000Kb used=4371Kb max_used=4371Kb free=115628Kb
 bounds [0x0000022751930000, 0x0000022751d80000, 0x0000022758e60000]
CodeHeap 'non-nmethods': size=5760Kb used=1243Kb max_used=1296Kb free=4516Kb
 bounds [0x0000022758e60000, 0x00000227590d0000, 0x0000022759400000]
 total_blobs=2997 nmethods=2459 adapters=450
 compilation: enabled
              stopped_count=0, restarted_count=0
 full_count=0

Compilation events (20 events):
Event: 3.585 Thread 0x000002276d4d3e10 2463       3       com.google.gson.stream.JsonReader::nextNonWhitespace (354 bytes)
Event: 3.587 Thread 0x000002276d4d3e10 nmethod 2463 0x0000022751d63b90 code [0x0000022751d64040, 0x0000022751d65f58]
Event: 3.587 Thread 0x000002276d4d3e10 2466       3       java.util.zip.ZipEntry::setExtra0 (493 bytes)
Event: 3.590 Thread 0x000002276d4d3e10 nmethod 2466 0x0000022751d66a10 code [0x0000022751d66dc0, 0x0000022751d68ab8]
Event: 3.590 Thread 0x000002276d4d3e10 2467       3       java.nio.HeapByteBuffer::putInt (31 bytes)
Event: 3.591 Thread 0x00000227737ce7d0 nmethod 2441 0x0000022759516f90 code [0x0000022759517140, 0x0000022759517598]
Event: 3.591 Thread 0x00000227737ce7d0 2447       4       sun.security.util.math.intpoly.P256OrderField::square (613 bytes)
Event: 3.591 Thread 0x000002276d4d3e10 nmethod 2467 0x0000022751d69410 code [0x0000022751d69660, 0x0000022751d6a088]
Event: 3.591 Thread 0x000002276d4d3e10 2464       3       com.google.gson.stream.JsonReader::nextQuotedValue (270 bytes)
Event: 3.593 Thread 0x000002276d4d3e10 nmethod 2464 0x0000022751d6a510 code [0x0000022751d6a880, 0x0000022751d6bbe8]
Event: 3.593 Thread 0x000002276d4d3e10 2465       3       com.google.gson.stream.JsonReader::doPeek (744 bytes)
Event: 3.598 Thread 0x000002276d4d3e10 nmethod 2465 0x0000022751d6c490 code [0x0000022751d6d080, 0x0000022751d73028]
Event: 3.600 Thread 0x00000227737ce7d0 nmethod 2447 0x0000022759517890 code [0x0000022759517a20, 0x0000022759517f88]
Event: 3.601 Thread 0x00000227737ce7d0 2457       4       org.bouncycastle.asn1.ASN1EncodableVector::add (67 bytes)
Event: 3.603 Thread 0x00000227737ce7d0 nmethod 2457 0x0000022759518110 code [0x00000227595182a0, 0x0000022759518538]
Event: 3.603 Thread 0x00000227737ce7d0 2452       4       org.bouncycastle.asn1.ASN1InputStream::readTagNumber (132 bytes)
Event: 3.604 Thread 0x00000227737ce7d0 nmethod 2452 0x0000022759522d90 code [0x0000022759522f00, 0x0000022759522f78]
Event: 3.604 Thread 0x00000227737ce7d0 2454       4       org.bouncycastle.asn1.ASN1InputStream::buildObject (268 bytes)
Event: 3.605 Thread 0x000002276d4d3500 nmethod 2176 0x0000022759518710 code [0x0000022759518d80, 0x000002275951ebf8]
Event: 3.606 Thread 0x000002276d4d3500 2443   !   4       java.security.Provider::getService (173 bytes)

GC Heap History (20 events):
Event: 1.237 GC heap after
{Heap after GC invocations=6 (full 0):
 garbage-first heap   total 49152K, used 10362K [0x0000000704a00000, 0x0000000800000000)
  region size 2048K, 1 young (2048K), 1 survivors (2048K)
 Metaspace       used 21977K, committed 22144K, reserved 1114112K
  class space    used 2503K, committed 2560K, reserved 1048576K
}
Event: 1.240 GC heap before
{Heap before GC invocations=6 (full 0):
 garbage-first heap   total 49152K, used 22650K [0x0000000704a00000, 0x0000000800000000)
  region size 2048K, 2 young (4096K), 1 survivors (2048K)
 Metaspace       used 21977K, committed 22144K, reserved 1114112K
  class space    used 2503K, committed 2560K, reserved 1048576K
}
Event: 1.242 GC heap after
{Heap after GC invocations=7 (full 0):
 garbage-first heap   total 153600K, used 10314K [0x0000000704a00000, 0x0000000800000000)
  region size 2048K, 1 young (2048K), 1 survivors (2048K)
 Metaspace       used 21977K, committed 22144K, reserved 1114112K
  class space    used 2503K, committed 2560K, reserved 1048576K
}
Event: 1.250 GC heap before
{Heap before GC invocations=7 (full 0):
 garbage-first heap   total 153600K, used 69706K [0x0000000704a00000, 0x0000000800000000)
  region size 2048K, 2 young (4096K), 1 survivors (2048K)
 Metaspace       used 21977K, committed 22144K, reserved 1114112K
  class space    used 2503K, committed 2560K, reserved 1048576K
}
Event: 1.251 GC heap after
{Heap after GC invocations=8 (full 0):
 garbage-first heap   total 153600K, used 10323K [0x0000000704a00000, 0x0000000800000000)
  region size 2048K, 1 young (2048K), 1 survivors (2048K)
 Metaspace       used 21977K, committed 22144K, reserved 1114112K
  class space    used 2503K, committed 2560K, reserved 1048576K
}
Event: 1.257 GC heap before
{Heap before GC invocations=8 (full 0):
 garbage-first heap   total 153600K, used 69715K [0x0000000704a00000, 0x0000000800000000)
  region size 2048K, 2 young (4096K), 1 survivors (2048K)
 Metaspace       used 21977K, committed 22144K, reserved 1114112K
  class space    used 2503K, committed 2560K, reserved 1048576K
}
Event: 1.259 GC heap after
{Heap after GC invocations=9 (full 0):
 garbage-first heap   total 153600K, used 10356K [0x0000000704a00000, 0x0000000800000000)
  region size 2048K, 1 young (2048K), 1 survivors (2048K)
 Metaspace       used 21977K, committed 22144K, reserved 1114112K
  class space    used 2503K, committed 2560K, reserved 1048576K
}
Event: 1.263 GC heap before
{Heap before GC invocations=9 (full 0):
 garbage-first heap   total 153600K, used 69748K [0x0000000704a00000, 0x0000000800000000)
  region size 2048K, 2 young (4096K), 1 survivors (2048K)
 Metaspace       used 21977K, committed 22144K, reserved 1114112K
  class space    used 2503K, committed 2560K, reserved 1048576K
}
Event: 1.264 GC heap after
{Heap after GC invocations=10 (full 0):
 garbage-first heap   total 153600K, used 10357K [0x0000000704a00000, 0x0000000800000000)
  region size 2048K, 1 young (2048K), 1 survivors (2048K)
 Metaspace       used 21977K, committed 22144K, reserved 1114112K
  class space    used 2503K, committed 2560K, reserved 1048576K
}
Event: 1.268 GC heap before
{Heap before GC invocations=10 (full 0):
 garbage-first heap   total 153600K, used 69749K [0x0000000704a00000, 0x0000000800000000)
  region size 2048K, 2 young (4096K), 1 survivors (2048K)
 Metaspace       used 21977K, committed 22144K, reserved 1114112K
  class space    used 2503K, committed 2560K, reserved 1048576K
}
Event: 1.838 GC heap after
{Heap after GC invocations=11 (full 0):
 garbage-first heap   total 432128K, used 10321K [0x0000000704a00000, 0x0000000800000000)
  region size 2048K, 1 young (2048K), 1 survivors (2048K)
 Metaspace       used 21977K, committed 22144K, reserved 1114112K
  class space    used 2503K, committed 2560K, reserved 1048576K
}
Event: 1.881 GC heap before
{Heap before GC invocations=11 (full 0):
 garbage-first heap   total 432128K, used 194641K [0x0000000704a00000, 0x0000000800000000)
  region size 2048K, 2 young (4096K), 1 survivors (2048K)
 Metaspace       used 21977K, committed 22144K, reserved 1114112K
  class space    used 2503K, committed 2560K, reserved 1048576K
}
Event: 1.883 GC heap after
{Heap after GC invocations=12 (full 0):
 garbage-first heap   total 432128K, used 10359K [0x0000000704a00000, 0x0000000800000000)
  region size 2048K, 1 young (2048K), 1 survivors (2048K)
 Metaspace       used 21977K, committed 22144K, reserved 1114112K
  class space    used 2503K, committed 2560K, reserved 1048576K
}
Event: 1.933 GC heap before
{Heap before GC invocations=12 (full 0):
 garbage-first heap   total 432128K, used 194679K [0x0000000704a00000, 0x0000000800000000)
  region size 2048K, 2 young (4096K), 1 survivors (2048K)
 Metaspace       used 21979K, committed 22144K, reserved 1114112K
  class space    used 2503K, committed 2560K, reserved 1048576K
}
Event: 1.934 GC heap after
{Heap after GC invocations=13 (full 0):
 garbage-first heap   total 432128K, used 10354K [0x0000000704a00000, 0x0000000800000000)
  region size 2048K, 1 young (2048K), 1 survivors (2048K)
 Metaspace       used 21979K, committed 22144K, reserved 1114112K
  class space    used 2503K, committed 2560K, reserved 1048576K
}
Event: 2.066 GC heap before
{Heap before GC invocations=13 (full 0):
 garbage-first heap   total 432128K, used 194674K [0x0000000704a00000, 0x0000000800000000)
  region size 2048K, 2 young (4096K), 1 survivors (2048K)
 Metaspace       used 22058K, committed 22208K, reserved 1114112K
  class space    used 2509K, committed 2560K, reserved 1048576K
}
Event: 2.067 GC heap after
{Heap after GC invocations=14 (full 0):
 garbage-first heap   total 432128K, used 10382K [0x0000000704a00000, 0x0000000800000000)
  region size 2048K, 1 young (2048K), 1 survivors (2048K)
 Metaspace       used 22058K, committed 22208K, reserved 1114112K
  class space    used 2509K, committed 2560K, reserved 1048576K
}
Event: 2.137 GC heap before
{Heap before GC invocations=14 (full 0):
 garbage-first heap   total 432128K, used 194702K [0x0000000704a00000, 0x0000000800000000)
  region size 2048K, 2 young (4096K), 1 survivors (2048K)
 Metaspace       used 22072K, committed 22272K, reserved 1114112K
  class space    used 2509K, committed 2560K, reserved 1048576K
}
Event: 2.139 GC heap after
{Heap after GC invocations=15 (full 0):
 garbage-first heap   total 432128K, used 10418K [0x0000000704a00000, 0x0000000800000000)
  region size 2048K, 1 young (2048K), 1 survivors (2048K)
 Metaspace       used 22072K, committed 22272K, reserved 1114112K
  class space    used 2509K, committed 2560K, reserved 1048576K
}
Event: 3.632 GC heap before
{Heap before GC invocations=15 (full 0):
 garbage-first heap   total 432128K, used 278706K [0x0000000704a00000, 0x0000000800000000)
  region size 2048K, 43 young (88064K), 1 survivors (2048K)
 Metaspace       used 23886K, committed 24064K, reserved 1114112K
  class space    used 2676K, committed 2752K, reserved 1048576K
}

Dll operation events (1 events):
Event: 0.012 Loaded shared library D:\IDE\DevEco Studio-5.1.0.849\jbr\bin\java.dll

Deoptimization events (20 events):
Event: 3.284 Thread 0x000002274cbec680 Uncommon trap: trap_request=0xffffffde fr.pc=0x00000227594f2740 relative=0x0000000000000500
Event: 3.284 Thread 0x000002274cbec680 Uncommon trap: reason=class_check action=maybe_recompile pc=0x00000227594f2740 method=java.security.MessageDigest.update([B)V @ 5 c2
Event: 3.284 Thread 0x000002274cbec680 DEOPT PACKING pc=0x00000227594f2740 sp=0x0000007144ffe4a0
Event: 3.284 Thread 0x000002274cbec680 DEOPT UNPACKING pc=0x0000022758eba1a3 sp=0x0000007144ffe478 mode 2
Event: 3.295 Thread 0x000002274cbec680 Uncommon trap: trap_request=0xffffff45 fr.pc=0x00000227594c44c0 relative=0x0000000000000180
Event: 3.295 Thread 0x000002274cbec680 Uncommon trap: reason=unstable_if action=reinterpret pc=0x00000227594c44c0 method=java.lang.invoke.VarForm.getMemberName(I)Ljava/lang/invoke/MemberName; @ 8 c2
Event: 3.295 Thread 0x000002274cbec680 DEOPT PACKING pc=0x00000227594c44c0 sp=0x0000007144ffe140
Event: 3.295 Thread 0x000002274cbec680 DEOPT UNPACKING pc=0x0000022758eba1a3 sp=0x0000007144ffe060 mode 2
Event: 3.332 Thread 0x0000022773a759a0 DEOPT PACKING pc=0x0000022751c59ed2 sp=0x00000071472fef10
Event: 3.332 Thread 0x0000022773a759a0 DEOPT UNPACKING pc=0x0000022758ebace3 sp=0x00000071472fe3a8 mode 0
Event: 3.334 Thread 0x0000022773a759a0 DEOPT PACKING pc=0x0000022751c59ed2 sp=0x00000071472fef10
Event: 3.334 Thread 0x0000022773a759a0 DEOPT UNPACKING pc=0x0000022758ebace3 sp=0x00000071472fe3a8 mode 0
Event: 3.361 Thread 0x000002274cbec680 Uncommon trap: trap_request=0xffffffde fr.pc=0x00000227594f2740 relative=0x0000000000000500
Event: 3.361 Thread 0x000002274cbec680 Uncommon trap: reason=class_check action=maybe_recompile pc=0x00000227594f2740 method=java.security.MessageDigest.update([B)V @ 5 c2
Event: 3.361 Thread 0x000002274cbec680 DEOPT PACKING pc=0x00000227594f2740 sp=0x0000007144ffdc50
Event: 3.361 Thread 0x000002274cbec680 DEOPT UNPACKING pc=0x0000022758eba1a3 sp=0x0000007144ffdc28 mode 2
Event: 3.361 Thread 0x00000227731bf8b0 Uncommon trap: trap_request=0xffffffde fr.pc=0x00000227594f2740 relative=0x0000000000000500
Event: 3.361 Thread 0x00000227731bf8b0 Uncommon trap: reason=class_check action=maybe_recompile pc=0x00000227594f2740 method=java.security.MessageDigest.update([B)V @ 5 c2
Event: 3.361 Thread 0x00000227731bf8b0 DEOPT PACKING pc=0x00000227594f2740 sp=0x00000071471fe5c0
Event: 3.361 Thread 0x00000227731bf8b0 DEOPT UNPACKING pc=0x0000022758eba1a3 sp=0x00000071471fe598 mode 2

Classes unloaded (0 events):
No events

Classes redefined (0 events):
No events

Internal exceptions (20 events):
Event: 0.459 Thread 0x000002274cbec680 Exception <a 'java/lang/IncompatibleClassChangeError'{0x00000007137bc3b8}: Found class java.lang.Object, but interface was expected> (0x00000007137bc3b8) 
thrown [s\src\hotspot\share\interpreter\linkResolver.cpp, line 838]
Event: 0.461 Thread 0x000002274cbec680 Exception <a 'java/lang/NoSuchMethodError'{0x00000007137c7298}: 'void java.lang.invoke.DirectMethodHandle$Holder.invokeSpecial(java.lang.Object, java.lang.Object, java.lang.Object)'> (0x00000007137c7298) 
thrown [s\src\hotspot\share\interpreter\linkResolver.cpp, line 771]
Event: 0.465 Thread 0x000002274cbec680 Exception <a 'java/lang/NoSuchMethodError'{0x00000007137e63e0}: 'java.lang.Object java.lang.invoke.DirectMethodHandle$Holder.newInvokeSpecial(java.lang.Object, java.lang.Object, java.lang.Object, int, java.lang.Object)'> (0x00000007137e63e0) 
thrown [s\src\hotspot\share\interpreter\linkResolver.cpp, line 771]
Event: 0.552 Thread 0x000002274cbec680 Exception <a 'java/lang/NoSuchMethodError'{0x0000000713181aa8}: 'java.lang.Object java.lang.invoke.DirectMethodHandle$Holder.newInvokeSpecial(java.lang.Object, long, int, java.lang.Object)'> (0x0000000713181aa8) 
thrown [s\src\hotspot\share\interpreter\linkResolver.cpp, line 771]
Event: 0.558 Thread 0x000002274cbec680 Exception <a 'java/lang/NoSuchMethodError'{0x00000007131cb758}: 'void java.lang.invoke.DirectMethodHandle$Holder.invokeStaticInit(java.lang.Object, java.lang.Object, java.lang.Object, java.lang.Object)'> (0x00000007131cb758) 
thrown [s\src\hotspot\share\interpreter\linkResolver.cpp, line 771]
Event: 0.669 Thread 0x000002274cbec680 Exception <a 'java/lang/NoSuchMethodError'{0x00000007142ab518}: 'int java.lang.invoke.DirectMethodHandle$Holder.invokeInterface(java.lang.Object, java.lang.Object)'> (0x00000007142ab518) 
thrown [s\src\hotspot\share\interpreter\linkResolver.cpp, line 771]
Event: 0.670 Thread 0x000002274cbec680 Exception <a 'java/lang/IncompatibleClassChangeError'{0x00000007142ae800}: Found class java.lang.Object, but interface was expected> (0x00000007142ae800) 
thrown [s\src\hotspot\share\interpreter\linkResolver.cpp, line 838]
Event: 0.670 Thread 0x000002274cbec680 Exception <a 'java/lang/NoSuchMethodError'{0x00000007142b42c8}: 'void java.lang.invoke.DirectMethodHandle$Holder.invokeStatic(java.lang.Object, java.lang.Object)'> (0x00000007142b42c8) 
thrown [s\src\hotspot\share\interpreter\linkResolver.cpp, line 771]
Event: 2.762 Thread 0x000002274cbec680 Exception <a 'java/lang/NoSuchMethodError'{0x000000071e516ef0}: 'java.lang.Object java.lang.invoke.DirectMethodHandle$Holder.newInvokeSpecial(java.lang.Object, java.lang.Object, java.lang.Object, java.lang.Object, java.lang.Object)'> (0x000000071e516ef0) 
thrown [s\src\hotspot\share\interpreter\linkResolver.cpp, line 771]
Event: 2.766 Thread 0x000002274cbec680 Exception <a 'sun/nio/fs/WindowsException'{0x000000071e51cbf0}> (0x000000071e51cbf0) 
thrown [s\src\hotspot\share\prims\jni.cpp, line 517]
Event: 2.784 Thread 0x000002274cbec680 Exception <a 'java/lang/NoSuchMethodError'{0x000000071e53d9d8}: 'java.lang.Object java.lang.invoke.DirectMethodHandle$Holder.invokeStaticInit(java.lang.Object, int, int, int, int)'> (0x000000071e53d9d8) 
thrown [s\src\hotspot\share\interpreter\linkResolver.cpp, line 771]
Event: 2.867 Thread 0x000002274cbec680 Implicit null exception at 0x00000227594cf060 to 0x00000227594cfacc
Event: 2.867 Thread 0x000002274cbec680 Implicit null exception at 0x00000227594cde2b to 0x00000227594ce67f
Event: 2.872 Thread 0x000002274cbec680 Implicit null exception at 0x00000227594d5292 to 0x00000227594d53b4
Event: 2.895 Thread 0x000002274cbec680 Exception <a 'java/lang/NoSuchMethodError'{0x000000071e15e0a0}: 'java.lang.Object java.lang.invoke.Invokers$Holder.linkToTargetMethod(java.lang.Object, java.lang.Object, java.lang.Object, java.lang.Object, int, java.lang.Object, java.lang.Object)'> (0x000000071e15e0a0) 
thrown [s\src\hotspot\share\interpreter\linkResolver.cpp, line 771]
Event: 2.964 Thread 0x000002274cbec680 Exception <a 'java/lang/NoSuchMethodError'{0x000000071dd879e0}: 'java.lang.Object java.lang.invoke.DirectMethodHandle$Holder.newInvokeSpecial(java.lang.Object, java.lang.Object, java.lang.Object, java.lang.Object, java.lang.Object, java.lang.Object, java.lang.Object, int)'> (0x000000071dd879e0) 
thrown [s\src\hotspot\share\interpreter\linkResolver.cpp, line 771]
Event: 2.964 Thread 0x000002274cbec680 Exception <a 'java/lang/NoSuchMethodError'{0x000000071dd8cd30}: 'java.lang.Object java.lang.invoke.DirectMethodHandle$Holder.invokeSpecial(java.lang.Object, java.lang.Object, java.lang.Object, java.lang.Object, java.lang.Object, java.lang.Object, java.lang.Object, java.lang.Object, int)'> (0x000000071dd8cd30) 
thrown [s\src\hotspot\share\interpreter\linkResolver.cpp, line 771]
Event: 2.965 Thread 0x000002274cbec680 Exception <a 'java/lang/NoSuchMethodError'{0x000000071dd917f8}: 'java.lang.Object java.lang.invoke.Invokers$Holder.linkToTargetMethod(java.lang.Object, java.lang.Object, java.lang.Object, java.lang.Object, java.lang.Object, java.lang.Object, int, java.lang.Object)'> (0x000000071dd917f8) 
thrown [s\src\hotspot\share\interpreter\linkResolver.cpp, line 771]
Event: 3.041 Thread 0x000002274cbec680 Implicit null exception at 0x00000227594d0553 to 0x00000227594d0fcc
Event: 3.241 Thread 0x000002274cbec680 Exception <a 'java/lang/NoSuchMethodError'{0x000000071d4b5f68}: 'java.lang.Object java.lang.invoke.DirectMethodHandle$Holder.invokeStaticInit(java.lang.Object, java.lang.Object, int, int, int, int)'> (0x000000071d4b5f68) 
thrown [s\src\hotspot\share\interpreter\linkResolver.cpp, line 771]

VM Operations (20 events):
Event: 1.259 Executing VM operation: G1TryInitiateConcMark done
Event: 1.263 Executing VM operation: G1TryInitiateConcMark
Event: 1.264 Executing VM operation: G1TryInitiateConcMark done
Event: 1.268 Executing VM operation: G1TryInitiateConcMark
Event: 1.838 Executing VM operation: G1TryInitiateConcMark done
Event: 1.881 Executing VM operation: G1TryInitiateConcMark
Event: 1.883 Executing VM operation: G1TryInitiateConcMark done
Event: 1.933 Executing VM operation: G1TryInitiateConcMark
Event: 1.934 Executing VM operation: G1TryInitiateConcMark done
Event: 2.066 Executing VM operation: G1TryInitiateConcMark
Event: 2.067 Executing VM operation: G1TryInitiateConcMark done
Event: 2.137 Executing VM operation: G1TryInitiateConcMark
Event: 2.139 Executing VM operation: G1TryInitiateConcMark done
Event: 2.732 Executing VM operation: HandshakeAllThreads
Event: 2.732 Executing VM operation: HandshakeAllThreads done
Event: 2.775 Executing VM operation: HandshakeAllThreads
Event: 2.775 Executing VM operation: HandshakeAllThreads done
Event: 3.457 Executing VM operation: ICBufferFull
Event: 3.474 Executing VM operation: ICBufferFull done
Event: 3.632 Executing VM operation: G1TryInitiateConcMark

Events (20 events):
Event: 3.448 Thread 0x0000022773a75490 Thread added: 0x0000022773a75490
Event: 3.448 Thread 0x0000022773a76de0 Thread added: 0x0000022773a76de0
Event: 3.449 Thread 0x0000022773a74a70 Thread exited: 0x0000022773a74a70
Event: 3.449 Thread 0x0000022773a76de0 Thread exited: 0x0000022773a76de0
Event: 3.455 Thread 0x0000022773a76de0 Thread added: 0x0000022773a76de0
Event: 3.455 Thread 0x0000022773a759a0 Thread exited: 0x0000022773a759a0
Event: 3.477 Thread 0x0000022773a75490 Thread exited: 0x0000022773a75490
Event: 3.478 Thread 0x0000022773a76de0 Thread exited: 0x0000022773a76de0
Event: 3.478 Thread 0x0000022773a74f80 Thread exited: 0x0000022773a74f80
Event: 3.478 Thread 0x0000022773a74560 Thread exited: 0x0000022773a74560
Event: 3.482 Thread 0x0000022773a759a0 Thread added: 0x0000022773a759a0
Event: 3.508 Thread 0x0000022773a75eb0 Thread added: 0x0000022773a75eb0
Event: 3.509 Thread 0x0000022773a75eb0 Thread exited: 0x0000022773a75eb0
Event: 3.509 Thread 0x0000022773a759a0 Thread exited: 0x0000022773a759a0
Event: 3.540 Thread 0x0000022773a76de0 Thread added: 0x0000022773a76de0
Event: 3.563 Thread 0x0000022773a759a0 Thread added: 0x0000022773a759a0
Event: 3.571 Thread 0x0000022773a772f0 Thread added: 0x0000022773a772f0
Event: 3.573 Thread 0x0000022773a759a0 Thread exited: 0x0000022773a759a0
Event: 3.573 Thread 0x0000022773a76de0 Thread exited: 0x0000022773a76de0
Event: 3.573 Thread 0x0000022773a772f0 Thread exited: 0x0000022773a772f0


Dynamic libraries:
0x00007ff7223e0000 - 0x00007ff7223ea000 	D:\IDE\DevEco Studio-5.1.0.849\jbr\bin\java.exe
0x00007ffe44f40000 - 0x00007ffe451a7000 	C:\WINDOWS\SYSTEM32\ntdll.dll
0x00007ffe447b0000 - 0x00007ffe44879000 	C:\WINDOWS\System32\KERNEL32.DLL
0x00007ffe41cb0000 - 0x00007ffe420a7000 	C:\WINDOWS\System32\KERNELBASE.dll
0x00007ffe41a20000 - 0x00007ffe41b6b000 	C:\WINDOWS\System32\ucrtbase.dll
0x00007ffe28d70000 - 0x00007ffe28d8b000 	D:\IDE\DevEco Studio-5.1.0.849\jbr\bin\VCRUNTIME140.dll
0x00007ffe28d90000 - 0x00007ffe28da7000 	D:\IDE\DevEco Studio-5.1.0.849\jbr\bin\jli.dll
0x00007ffe44c20000 - 0x00007ffe44de6000 	C:\WINDOWS\System32\USER32.dll
0x00007ffe42aa0000 - 0x00007ffe42ac7000 	C:\WINDOWS\System32\win32u.dll
0x00007ffe43a40000 - 0x00007ffe43a6b000 	C:\WINDOWS\System32\GDI32.dll
0x00007ffe25fc0000 - 0x00007ffe26252000 	C:\WINDOWS\WinSxS\amd64_microsoft.windows.common-controls_6595b64144ccf1df_6.0.26100.8457_none_3e0b2faee331e92d\COMCTL32.dll
0x00007ffe42ad0000 - 0x00007ffe42bfc000 	C:\WINDOWS\System32\gdi32full.dll
0x00007ffe44880000 - 0x00007ffe44929000 	C:\WINDOWS\System32\msvcrt.dll
0x00007ffe41c00000 - 0x00007ffe41ca3000 	C:\WINDOWS\System32\msvcp_win.dll
0x00007ffe449c0000 - 0x00007ffe449f2000 	C:\WINDOWS\System32\IMM32.DLL
0x00007ffe39b70000 - 0x00007ffe39b7c000 	D:\IDE\DevEco Studio-5.1.0.849\jbr\bin\vcruntime140_1.dll
0x00007ffe146d0000 - 0x00007ffe1475d000 	D:\IDE\DevEco Studio-5.1.0.849\jbr\bin\msvcp140.dll
0x00007ffd65760000 - 0x00007ffd663e5000 	D:\IDE\DevEco Studio-5.1.0.849\jbr\bin\server\jvm.dll
0x00007ffe43f00000 - 0x00007ffe43fb6000 	C:\WINDOWS\System32\ADVAPI32.dll
0x00007ffe44b70000 - 0x00007ffe44c17000 	C:\WINDOWS\System32\sechost.dll
0x00007ffe43910000 - 0x00007ffe43a28000 	C:\WINDOWS\System32\RPCRT4.dll
0x00007ffe417d0000 - 0x00007ffe4182e000 	C:\WINDOWS\SYSTEM32\POWRPROF.dll
0x00007ffe3e7f0000 - 0x00007ffe3e7fa000 	C:\WINDOWS\SYSTEM32\WSOCK32.dll
0x00007ffe43880000 - 0x00007ffe43900000 	C:\WINDOWS\System32\WS2_32.dll
0x00007ffe38320000 - 0x00007ffe38356000 	C:\WINDOWS\SYSTEM32\WINMM.dll
0x00007ffe368b0000 - 0x00007ffe368bb000 	C:\WINDOWS\SYSTEM32\VERSION.dll
0x00007ffe417b0000 - 0x00007ffe417c4000 	C:\WINDOWS\SYSTEM32\UMPDC.dll
0x00007ffe406c0000 - 0x00007ffe406db000 	C:\WINDOWS\SYSTEM32\kernel.appcore.dll
0x00007ffe3e7e0000 - 0x00007ffe3e7ea000 	D:\IDE\DevEco Studio-5.1.0.849\jbr\bin\jimage.dll
0x00007ffe3f870000 - 0x00007ffe3fab2000 	C:\WINDOWS\SYSTEM32\DBGHELP.DLL
0x00007ffe43a70000 - 0x00007ffe43df3000 	C:\WINDOWS\System32\combase.dll
0x00007ffe43e20000 - 0x00007ffe43ef9000 	C:\WINDOWS\System32\OLEAUT32.dll
0x00007ffe1a9f0000 - 0x00007ffe1aa2b000 	C:\WINDOWS\SYSTEM32\dbgcore.DLL
0x00007ffe41970000 - 0x00007ffe41a18000 	C:\WINDOWS\System32\bcryptPrimitives.dll
0x00007ffe28fd0000 - 0x00007ffe28ff5000 	D:\IDE\DevEco Studio-5.1.0.849\jbr\bin\java.dll
0x00007ffe29090000 - 0x00007ffe290a8000 	D:\IDE\DevEco Studio-5.1.0.849\jbr\bin\zip.dll
0x00007ffe44030000 - 0x00007ffe4479e000 	C:\WINDOWS\System32\SHELL32.dll
0x00007ffe42230000 - 0x00007ffe42a9c000 	C:\WINDOWS\System32\windows.storage.dll
0x00007ffe42f20000 - 0x00007ffe43016000 	C:\WINDOWS\System32\SHCORE.dll
0x00007ffe43020000 - 0x00007ffe43086000 	C:\WINDOWS\System32\shlwapi.dll
0x00007ffe41890000 - 0x00007ffe418b9000 	C:\WINDOWS\SYSTEM32\profapi.dll
0x00007ffe28fb0000 - 0x00007ffe28fc9000 	D:\IDE\DevEco Studio-5.1.0.849\jbr\bin\net.dll
0x00007ffe381a0000 - 0x00007ffe382c9000 	C:\WINDOWS\SYSTEM32\WINHTTP.dll
0x00007ffe40c10000 - 0x00007ffe40c7c000 	C:\WINDOWS\system32\mswsock.dll
0x00007ffe28f90000 - 0x00007ffe28fa6000 	D:\IDE\DevEco Studio-5.1.0.849\jbr\bin\nio.dll
0x00007ffe3a190000 - 0x00007ffe3a19e000 	D:\IDE\DevEco Studio-5.1.0.849\jbr\bin\sunmscapi.dll
0x00007ffe420b0000 - 0x00007ffe42228000 	C:\WINDOWS\System32\CRYPT32.dll
0x00007ffe41170000 - 0x00007ffe411a0000 	C:\WINDOWS\SYSTEM32\ncrypt.dll
0x00007ffe41120000 - 0x00007ffe4115f000 	C:\WINDOWS\SYSTEM32\NTASN1.dll
0x00007ffe282a0000 - 0x00007ffe282a9000 	D:\IDE\DevEco Studio-5.1.0.849\jbr\bin\management.dll
0x00007ffe28290000 - 0x00007ffe2829b000 	D:\IDE\DevEco Studio-5.1.0.849\jbr\bin\management_ext.dll
0x00007ffe44b60000 - 0x00007ffe44b68000 	C:\WINDOWS\System32\PSAPI.DLL
0x00007ffe0b070000 - 0x00007ffe0b088000 	C:\WINDOWS\system32\napinsp.dll
0x00007ffe14270000 - 0x00007ffe14286000 	C:\WINDOWS\system32\wshbth.dll
0x00007ffe05ee0000 - 0x00007ffe05f02000 	C:\WINDOWS\system32\nlansp_c.dll
0x00007ffe40140000 - 0x00007ffe40272000 	C:\WINDOWS\SYSTEM32\DNSAPI.dll
0x00007ffe400b0000 - 0x00007ffe400e2000 	C:\WINDOWS\SYSTEM32\IPHLPAPI.DLL
0x00007ffe43a30000 - 0x00007ffe43a3a000 	C:\WINDOWS\System32\NSI.dll
0x00007ffe05e80000 - 0x00007ffe05e93000 	C:\WINDOWS\System32\winrnr.dll
0x00007ffe368c0000 - 0x00007ffe368cb000 	C:\Windows\System32\rasadhlp.dll
0x00007ffe3a0b0000 - 0x00007ffe3a136000 	C:\WINDOWS\System32\fwpuclnt.dll
0x00007ffe41010000 - 0x00007ffe4102b000 	C:\WINDOWS\SYSTEM32\CRYPTSP.dll
0x00007ffe40620000 - 0x00007ffe40659000 	C:\WINDOWS\system32\rsaenh.dll
0x00007ffe40cc0000 - 0x00007ffe40cf3000 	C:\WINDOWS\SYSTEM32\USERENV.dll
0x00007ffe41860000 - 0x00007ffe4188a000 	C:\WINDOWS\SYSTEM32\bcrypt.dll
0x00007ffe40e70000 - 0x00007ffe40e7c000 	C:\WINDOWS\SYSTEM32\CRYPTBASE.dll
0x00007ffe39e10000 - 0x00007ffe39e2d000 	C:\WINDOWS\SYSTEM32\dhcpcsvc6.DLL
0x00007ffe39d60000 - 0x00007ffe39d85000 	C:\WINDOWS\SYSTEM32\dhcpcsvc.DLL

dbghelp: loaded successfully - version: 4.0.5 - missing functions: none
symbol engine: initialized successfully - sym options: 0x614 - pdb path: .;D:\IDE\DevEco Studio-5.1.0.849\jbr\bin;C:\WINDOWS\SYSTEM32;C:\WINDOWS\WinSxS\amd64_microsoft.windows.common-controls_6595b64144ccf1df_6.0.26100.8457_none_3e0b2faee331e92d;D:\IDE\DevEco Studio-5.1.0.849\jbr\bin\server

VM Arguments:
java_command: C:\Users\zgf82\AppData\Local\OpenHarmony\Sdk\18\toolchains\lib\hap-sign-tool.jar sign-app -mode localSign -keystoreFile D:\code\screen\openharmony_sample\applications_app_samples_connect\code\Solutions\TV\TVConnect\signature\OpenHarmony.p12 -keystorePwd 123456 -keyAlias OpenHarmony Application Release -keyPwd 123456 -signAlg SHA256withECDSA -profileFile D:\code\screen\openharmony_sample\applications_app_samples_connect\code\Solutions\TV\TVConnect\signature\connect.p7b -appCertFile D:\code\screen\openharmony_sample\applications_app_samples_connect\code\Solutions\TV\TVConnect\signature\OpenHarmonyApplication.pem -inFile D:\code\screen\openharmony_sample\applications_app_samples_connect\code\Solutions\TV\TVConnect\product\tv\build\default\outputs\default\tv-default-unsigned.hap -outFile D:\code\screen\openharmony_sample\applications_app_samples_connect\code\Solutions\TV\TVConnect\product\tv\build\default\outputs\default\tv-default-signed.hap
java_class_path (initial): C:\Users\zgf82\AppData\Local\OpenHarmony\Sdk\18\toolchains\lib\hap-sign-tool.jar
Launcher Type: SUN_STANDARD

[Global flags]
     intx CICompilerCount                          = 4                                         {product} {ergonomic}
     uint ConcGCThreads                            = 2                                         {product} {ergonomic}
     uint G1ConcRefinementThreads                  = 8                                         {product} {ergonomic}
   size_t G1HeapRegionSize                         = 2097152                                   {product} {ergonomic}
    uintx GCDrainStackTargetSize                   = 64                                        {product} {ergonomic}
   size_t InitialHeapSize                          = 264241152                                 {product} {ergonomic}
   size_t MarkStackSize                            = 4194304                                   {product} {ergonomic}
   size_t MaxHeapSize                              = 4217372672                                {product} {ergonomic}
   size_t MaxNewSize                               = 2529165312                                {product} {ergonomic}
   size_t MinHeapDeltaBytes                        = 2097152                                   {product} {ergonomic}
   size_t MinHeapSize                              = 8388608                                   {product} {ergonomic}
    uintx NonNMethodCodeHeapSize                   = 5839372                                {pd product} {ergonomic}
    uintx NonProfiledCodeHeapSize                  = 122909434                              {pd product} {ergonomic}
    uintx ProfiledCodeHeapSize                     = 122909434                              {pd product} {ergonomic}
    uintx ReservedCodeCacheSize                    = 251658240                              {pd product} {ergonomic}
     bool SegmentedCodeCache                       = true                                      {product} {ergonomic}
   size_t SoftMaxHeapSize                          = 4217372672                             {manageable} {ergonomic}
     bool UseCompressedClassPointers               = true                           {product lp64_product} {ergonomic}
     bool UseCompressedOops                        = true                           {product lp64_product} {ergonomic}
     bool UseG1GC                                  = true                                      {product} {ergonomic}
     bool UseLargePagesIndividualAllocation        = false                                  {pd product} {ergonomic}

Logging:
Log output configuration:
 #0: stdout all=warning uptime,level,tags
 #1: stderr all=off uptime,level,tags

Environment Variables:
JAVA_HOME=D:\IDE\DevEco Studio-5.1.0.849\jbr
PATH=D:\IDE\DevEco Studio-5.1.0.849\jbr\bin;D:/IDE/DevEco Studio-5.1.0.849/tools/node;C:\WINDOWS\system32;C:\WINDOWS;C:\WINDOWS\System32\Wbem;C:\WINDOWS\System32\WindowsPowerShell\v1.0\;C:\WINDOWS\System32\OpenSSH\;D:\git\Git\bin;C:\Program Files\nodejs\;D:\IDE\DevEcoStudio\sdk\default\openharmony\toolchains;D:\svn\bin;D:\Git\bin;D:\TortoiseSVN\bin;D:\Subvesion\bin;D:\Meld\;D:\VisualSVN\bin;D:\IDE\DevEcoStudio\jbr\bin;D:\IDE\;C:\Users\zgf82\AppData\Local\Microsoft\WindowsApps;C:\Users\zgf82\AppData\Roaming\npm;D:\IDE\Microsoft VS Code\bin;D:\IDE\DevEco Studio-5.1.0.849\tools\node;D:\IDE\DevEco Studio-5.1.0.849\jbr\bin;C:\WINDOWS\system32;C:\WINDOWS;C:\WINDOWS\System32\Wbem;C:\WINDOWS\System32\WindowsPowerShell\v1.0\;C:\WINDOWS\System32\OpenSSH\;D:\git\Git\bin;C:\Program Files\nodejs\;D:\IDE\DevEcoStudio\sdk\default\openharmony\toolchains;D:\svn\bin;D:\Git\bin;D:\TortoiseSVN\bin;D:\Subvesion\bin;D:\Meld\;D:\VisualSVN\bin;D:\IDE\DevEcoStudio\jbr\bin;D:\IDE\;C:\Users\zgf82\AppData\Local\Microsoft\WindowsApps;C:\Users\zgf82\AppData\Roaming\npm;D:\IDE\Microsoft VS Code\bin
USERNAME=zgf82
OS=Windows_NT
PROCESSOR_IDENTIFIER=Intel64 Family 6 Model 140 Stepping 1, GenuineIntel
TMP=C:\Users\zgf82\AppData\Local\Temp
TEMP=C:\Users\zgf82\AppData\Local\Temp



Periodic native trim disabled

JNI global refs:
JNI global refs: 19, weak refs: 0

JNI global refs memory usage: 843, weak refs: 841

OOME stack traces (most recent first):
Classloader memory used:
Loader bootstrap                                                                       : 2050K
Loader jdk.internal.loader.ClassLoaders$AppClassLoader                                 : 893K
Loader jdk.internal.loader.ClassLoaders$PlatformClassLoader                            : 40136B
Loader jdk.internal.reflect.DelegatingClassLoader                                      : 2161B


---------------  S Y S T E M  ---------------

OS:
 Windows 11 , 64 bit Build 26100 (10.0.26100.8328)
OS uptime: 1 days 4:03 hours
Hyper-V role detected

CPU: total 8 (initial active 8) (4 cores per cpu, 2 threads per core) family 6 model 140 stepping 1 microcode 0x86, cx8, cmov, fxsr, ht, mmx, 3dnowpref, sse, sse2, sse3, ssse3, sse4.1, sse4.2, popcnt, lzcnt, tsc, tscinvbit, avx, avx2, aes, erms, clmul, bmi1, bmi2, adx, avx512f, avx512dq, avx512cd, avx512bw, avx512vl, sha, fma, vzeroupper, avx512_vpopcntdq, avx512_vpclmulqdq, avx512_vaes, avx512_vnni, clflush, clflushopt, clwb, avx512_vbmi2, avx512_vbmi, hv
Processor Information for processor 0
  Max Mhz: 2419, Current Mhz: 2419, Mhz Limit: 2419
Processor Information for processor 1
  Max Mhz: 2419, Current Mhz: 2419, Mhz Limit: 2419
Processor Information for processor 2
  Max Mhz: 2419, Current Mhz: 2419, Mhz Limit: 2419
Processor Information for processor 3
  Max Mhz: 2419, Current Mhz: 2419, Mhz Limit: 2419
Processor Information for processor 4
  Max Mhz: 2419, Current Mhz: 2419, Mhz Limit: 2419
Processor Information for processor 5
  Max Mhz: 2419, Current Mhz: 2419, Mhz Limit: 2419
Processor Information for processor 6
  Max Mhz: 2419, Current Mhz: 2419, Mhz Limit: 2419
Processor Information for processor 7
  Max Mhz: 2419, Current Mhz: 1915, Mhz Limit: 2419

Memory: 4k page, system-wide physical 16082M (1540M free)
TotalPageFile size 41682M (AvailPageFile size 127M)
current process WorkingSet (physical memory assigned to process): 281M, peak: 295M
current process commit charge ("private bytes"): 561M, peak: 1377M

vm_info: OpenJDK 64-Bit Server VM (17.0.12+1-b1087.25) for windows-amd64 JRE (17.0.12+1-b1087.25), built on 2024-08-30 by "builduser" with MS VC++ 16.10 / 16.11 (VS2019)

END.
